[2026-08-15 17:43:56] DRY_RUN: Would sync: repo-settings
[2026-08-15 17:43:56] DRY_RUN: Would sync: lib/cipkg/base.py
[2026-08-15 17:43:56] DRY_RUN: Would sync: config.default.toml
[2026-08-15 17:44:04] INFO: Backup created: backup_20260815_174404
[2026-08-15 17:44:04] INFO: Synced directory: repo-settings
[2026-08-15 17:44:04] INFO: Synced file: lib/cipkg/base.py
[2026-08-15 17:44:04] INFO: Synced file: config.default.toml
[2026-08-15 18:27:39] INFO: Backup created: backup_20260815_182739
[2026-08-15 18:27:39] INFO: Synced directory: repo-settings
[2026-08-15 18:27:39] INFO: Synced file: lib/cipkg/base.py
[2026-08-15 18:27:39] INFO: Synced file: config.default.toml
[2026-08-15 18:27:39] INFO: Synced file: lib/cipkg/init_detector.py
[2026-08-15 18:27:39] INFO: Synced file: lib/cipkg/terminal_dashboard.py
[2026-08-15 18:27:39] INFO: Synced file: lib/cipkg/interactive_ui.py
[2026-08-15 18:27:39] INFO: Synced file: lib/cipkg/interactive.py
[2026-08-15 18:27:39] INFO: Synced file: bin/cip
[2026-08-15 18:27:39] INFO: Synced file: config.v2.default.toml
[2026-08-15 18:34:54] INFO: Backup created: backup_20260815_183453
[2026-08-15 18:34:54] INFO: Synced directory: repo-settings
[2026-08-15 18:34:54] INFO: Synced file: lib/cipkg/base.py
[2026-08-15 18:34:54] INFO: Synced file: config.default.toml
[2026-08-15 18:34:54] INFO: Synced file: lib/cipkg/init_detector.py
[2026-08-15 18:34:54] INFO: Synced file: lib/cipkg/terminal_dashboard.py
[2026-08-15 18:34:54] INFO: Synced file: lib/cipkg/interactive_ui.py
[2026-08-15 18:34:54] INFO: Synced file: lib/cipkg/interactive.py
[2026-08-15 18:34:54] INFO: Synced file: bin/cip
[2026-08-15 18:34:54] INFO: Synced file: config.v2.default.toml
[2026-08-15 18:39:13] INFO: Backup created: backup_20260815_183913
[2026-08-15 18:39:14] INFO: Synced directory: repo-settings
[2026-08-15 18:39:14] INFO: Synced file: lib/cipkg/base.py
[2026-08-15 18:39:14] INFO: Synced file: config.default.toml
[2026-08-15 18:39:14] INFO: Synced file: lib/cipkg/init_detector.py
[2026-08-15 18:39:14] INFO: Synced file: lib/cipkg/terminal_dashboard.py
[2026-08-15 18:39:14] INFO: Synced file: lib/cipkg/interactive_ui.py
[2026-08-15 18:39:14] INFO: Synced file: lib/cipkg/interactive.py
[2026-08-15 18:39:14] INFO: Synced file: bin/cip
[2026-08-15 18:39:14] INFO: Synced file: config.v2.default.toml
[2026-08-15 18:41:44] INFO: Backup created: backup_20260815_184144
[2026-08-15 18:41:44] INFO: Synced directory: repo-settings
[2026-08-15 18:41:44] INFO: Synced file: lib/cipkg/base.py
[2026-08-15 18:41:44] INFO: Synced file: config.default.toml
[2026-08-15 18:41:44] INFO: Synced file: lib/cipkg/init_detector.py
[2026-08-15 18:41:44] INFO: Synced file: lib/cipkg/terminal_dashboard.py
[2026-08-15 18:41:44] INFO: Synced file: lib/cipkg/interactive_ui.py
[2026-08-15 18:41:44] INFO: Synced file: lib/cipkg/interactive.py
[2026-08-15 18:41:44] INFO: Synced file: bin/cip
[2026-08-15 18:41:44] INFO: Synced file: config.v2.default.toml
[2026-08-15 18:43:36] INFO: Backup created: backup_20260815_184336
[2026-08-15 18:43:36] INFO: Synced directory: repo-settings
[2026-08-15 18:43:36] INFO: Synced file: lib/cipkg/base.py
[2026-08-15 18:43:36] INFO: Synced file: config.default.toml
[2026-08-15 18:43:36] INFO: Synced file: lib/cipkg/init_detector.py
[2026-08-15 18:43:36] INFO: Synced file: lib/cipkg/terminal_dashboard.py
[2026-08-15 18:43:36] INFO: Synced file: lib/cipkg/interactive_ui.py
[2026-08-15 18:43:36] INFO: Synced file: lib/cipkg/interactive.py
[2026-08-15 18:43:36] INFO: Synced file: bin/cip
[2026-08-15 18:43:36] INFO: Synced file: bin/cip.py
[2026-08-15 18:43:36] INFO: Synced file: config.v2.default.toml
[2026-08-15 18:43:36] INFO: Removed old backup: backup_20260815_174404
[2026-08-15 18:45:13] INFO: Backup created: backup_20260815_184512
[2026-08-15 18:45:13] INFO: Synced directory: repo-settings
[2026-08-15 18:45:13] INFO: Synced file: lib/cipkg/base.py
[2026-08-15 18:45:13] INFO: Synced file: config.default.toml
[2026-08-15 18:45:13] INFO: Synced file: lib/cipkg/init_detector.py
[2026-08-15 18:45:13] INFO: Synced file: lib/cipkg/terminal_dashboard.py
[2026-08-15 18:45:13] INFO: Synced file: lib/cipkg/interactive_ui.py
[2026-08-15 18:45:13] INFO: Synced file: lib/cipkg/interactive.py
[2026-08-15 18:45:13] INFO: Synced file: bin/cip
[2026-08-15 18:45:13] INFO: Synced file: bin/cip.py
[2026-08-15 18:45:13] INFO: Synced file: config.v2.default.toml
[2026-08-15 18:45:13] INFO: Removed old backup: backup_20260815_182739
[2026-08-15 18:45:30] INFO: Backup created: backup_20260815_184529
[2026-08-15 18:45:30] INFO: Synced directory: repo-settings
[2026-08-15 18:45:30] INFO: Synced file: lib/cipkg/base.py
[2026-08-15 18:45:30] INFO: Synced file: config.default.toml
[2026-08-15 18:45:30] INFO: Synced file: lib/cipkg/init_detector.py
[2026-08-15 18:45:30] INFO: Synced file: lib/cipkg/terminal_dashboard.py
[2026-08-15 18:45:30] INFO: Synced file: lib/cipkg/interactive_ui.py
[2026-08-15 18:45:30] INFO: Synced file: lib/cipkg/interactive.py
[2026-08-15 18:45:30] INFO: Synced file: bin/cip
[2026-08-15 18:45:30] INFO: Synced file: bin/cip.py
[2026-08-15 18:45:30] INFO: Synced file: config.v2.default.toml
[2026-08-15 18:45:30] INFO: Removed old backup: backup_20260815_183453
[2026-08-15 18:59:59] DRY_RUN: Would sync: repo-settings
[2026-08-15 18:59:59] DRY_RUN: Would sync: lib/cipkg/base.py
[2026-08-15 18:59:59] DRY_RUN: Would sync: config.default.toml
[2026-08-15 18:59:59] DRY_RUN: Would sync: lib/cipkg/init_detector.py
[2026-08-15 18:59:59] DRY_RUN: Would sync: lib/cipkg/terminal_dashboard.py
[2026-08-15 18:59:59] DRY_RUN: Would sync: lib/cipkg/interactive_ui.py
[2026-08-15 18:59:59] DRY_RUN: Would sync: lib/cipkg/interactive.py
[2026-08-15 18:59:59] DRY_RUN: Would sync: bin/cip
[2026-08-15 18:59:59] DRY_RUN: Would sync: bin/cip.py
[2026-08-15 18:59:59] DRY_RUN: Would sync: config.v2.default.toml
[2026-08-15 19:00:02] INFO: Backup created: backup_20260815_190001
[2026-08-15 19:00:02] INFO: Synced directory: repo-settings
[2026-08-15 19:00:02] INFO: Synced file: lib/cipkg/base.py
[2026-08-15 19:00:02] INFO: Synced file: config.default.toml
[2026-08-15 19:00:02] INFO: Synced file: lib/cipkg/init_detector.py
[2026-08-15 19:00:02] INFO: Synced file: lib/cipkg/terminal_dashboard.py
[2026-08-15 19:00:02] INFO: Synced file: lib/cipkg/interactive_ui.py
[2026-08-15 19:00:02] INFO: Synced file: lib/cipkg/interactive.py
[2026-08-15 19:00:02] INFO: Synced file: bin/cip
[2026-08-15 19:00:02] INFO: Synced file: bin/cip.py
[2026-08-15 19:00:02] INFO: Synced file: config.v2.default.toml
[2026-08-15 19:00:02] INFO: Removed old backup: backup_20260815_183913
[2026-08-15 19:13:26] INFO: Backup created: backup_20260815_191326
[2026-08-15 19:13:26] INFO: Synced directory: repo-settings
[2026-08-15 19:13:26] INFO: Synced file: lib/cipkg/base.py
[2026-08-15 19:13:26] INFO: Synced file: config.default.toml
[2026-08-15 19:13:26] INFO: Synced file: lib/cipkg/init_detector.py
[2026-08-15 19:13:26] INFO: Synced file: lib/cipkg/terminal_dashboard.py
[2026-08-15 19:13:26] INFO: Synced file: lib/cipkg/interactive_ui.py
[2026-08-15 19:13:26] INFO: Synced file: lib/cipkg/interactive.py
[2026-08-15 19:13:26] INFO: Synced file: lib/cipkg/command_registry.py
[2026-08-15 19:13:26] INFO: Synced file: lib/cipkg/intelligent_executor.py
[2026-08-15 19:13:26] INFO: Synced file: lib/cipkg/context_manager.py
[2026-08-15 19:13:26] INFO: Synced file: lib/cipkg/learning_system.py
[2026-08-15 19:13:26] INFO: Synced file: lib/cipkg/suggestion_engine.py
[2026-08-15 19:13:26] INFO: Synced file: lib/cipkg/workflow_engine.py
[2026-08-15 19:13:26] INFO: Synced file: lib/cipkg/command_adapter.py
[2026-08-15 19:13:26] INFO: Synced file: lib/cipkg/error_system.py
[2026-08-15 19:13:26] INFO: Synced file: lib/cipkg/help_system.py
[2026-08-15 19:13:26] INFO: Synced file: bin/cip
[2026-08-15 19:13:26] INFO: Synced file: bin/cip.py
[2026-08-15 19:13:26] INFO: Synced file: config.v2.default.toml
[2026-08-15 19:13:26] INFO: Removed old backup: backup_20260815_184144
